../Core/Src/main.c:75:6:HAL_TIM_PeriodElapsedCallback	16	static
../Core/Src/main.c:81:6:delayMicro	16	static
../Core/Src/main.c:87:6:reiniciaWatchDog	8	static
../Core/Src/main.c:97:5:main	8	static
../Core/Src/main.c:148:6:SystemClock_Config	88	static
../Core/Src/main.c:184:13:MX_IWDG_Init	8	static
../Core/Src/main.c:213:13:MX_TIM2_Init	32	static
../Core/Src/main.c:258:13:MX_TIM3_Init	32	static
../Core/Src/main.c:303:13:MX_GPIO_Init	48	static
../Core/Src/main.c:364:6:Error_Handler	8	static,ignoring_inline_asm
